pulseaudio: set_sink_input_volume() failed
pulseaudio: Reason: Invalid argument
pulseaudio: set_sink_input_mute() failed
pulseaudio: Reason: Invalid argument
Uncompressing Linux... done, booting the kernel.
Booting Linux on physical CPU 0x0
Linux version 4.4.0-uc0 (xxx@XXX) (gcc version 5.4.0 (GCC) ) #49 Sun Nov 12 17:51:15 CET 2017
CPU: ARM926EJ-S [41069265] revision 5 (ARMv5TEJ), cr=00091176
CPU: VIVT data cache, VIVT instruction cache
Machine: ARM-Versatile PB
sched_clock: 32 bits at 24MHz, resolution 41ns, wraps every 89478484971ns
Built 1 zonelists in Zone order, mobility grouping on.  Total pages: 32512
Kernel command line: console=ttyAMA0,115200
PID hash table entries: 1024 (order: 0, 4096 bytes)
Dentry cache hash table entries: 16384 (order: 4, 65536 bytes)
Inode-cache hash table entries: 8192 (order: 3, 32768 bytes)
Memory: 126560K/131072K available (2084K kernel code, 112K rwdata, 596K rodata, 476K init, 69K bss, 4512K reserved, 0K cma-reserved)
Virtual kernel memory layout:
    vector  : 0x00000000 - 0x00001000   (   4 kB)
    fixmap  : 0xffc00000 - 0xfff00000   (3072 kB)
    vmalloc : 0x00000000 - 0xffffffff   (4095 MB)
    lowmem  : 0x00000000 - 0x08000000   ( 128 MB)
    modules : 0x00000000 - 0x08000000   ( 128 MB)
      .text : 0x00008000 - 0x002a67b8   (2682 kB)
      .init : 0x002a7000 - 0x0031e000   ( 476 kB)
      .data : 0x0031e000 - 0x0033a120   ( 113 kB)
       .bss : 0x0033a120 - 0x0034b62c   (  70 kB)
NR_IRQS:224
VIC @10140000: id 0x00041190, vendor 0x41
FPGA IRQ chip 0 "SIC" @ 10003000, 13 irqs, parent IRQ: 63
clocksource: timer3: mask: 0xffffffff max_cycles: 0xffffffff, max_idle_ns: 1911260446275 ns
Console: colour dummy device 80x30
Calibrating delay loop... 538.21 BogoMIPS (lpj=2691072)
pid_max: default: 32768 minimum: 301
Mount-cache hash table entries: 1024 (order: 0, 4096 bytes)
Mountpoint-cache hash table entries: 1024 (order: 0, 4096 bytes)
VFP support v0.3: implementor 41 architecture 1 part 10 variant 9 rev 0
clocksource: jiffies: mask: 0xffffffff max_cycles: 0xffffffff, max_idle_ns: 19112604462750000 ns
NET: Registered protocol family 16
Serial: AMBA PL011 UART driver
dev:f1: ttyAMA0 at MMIO 0x101f1000 (irq = 44, base_baud = 0) is a PL011 rev1
console [ttyAMA0] enabled
dev:f2: ttyAMA1 at MMIO 0x101f2000 (irq = 45, base_baud = 0) is a PL011 rev1
dev:f3: ttyAMA2 at MMIO 0x101f3000 (irq = 46, base_baud = 0) is a PL011 rev1
fpga:09: ttyAMA3 at MMIO 0x10009000 (irq = 70, base_baud = 0) is a PL011 rev1
clocksource: Switched to clocksource timer3
NET: Registered protocol family 2
TCP established hash table entries: 1024 (order: 0, 4096 bytes)
TCP bind hash table entries: 1024 (order: 0, 4096 bytes)
TCP: Hash tables configured (established 1024 bind 1024)
UDP hash table entries: 256 (order: 0, 4096 bytes)
UDP-Lite hash table entries: 256 (order: 0, 4096 bytes)
NET: Registered protocol family 1
NetWinder Floating Point Emulator V0.97 (double precision)
futex hash table entries: 256 (order: -1, 3072 bytes)
romfs: ROMFS MTD (C) 2007 Red Hat, Inc.
Block layer SCSI generic (bsg) driver version 0.4 loaded (major 254)
io scheduler noop registered
io scheduler deadline registered
io scheduler cfq registered (default)
brd: module loaded
smc91x.c: v1.1, sep 22 2004 by Nicolas Pitre <nico@fluxnic.net>
smc91x smc91x.0 eth0: SMC91C11xFD (rev 1) at 10010000 IRQ 57
 [nowait]
smc91x smc91x.0 eth0: Ethernet addr: 52:54:00:12:34:56
NET: Registered protocol family 17
Freeing unused kernel memory: 476K (002a7000 - 0031e000)
Shell invoked to run file: /etc/rc
Command: hostname versatile
Command: echo "Mounting filesystems..."
Mounting filesystems...
Command: mount -t proc proc /proc
Command: mount -t sysfs sys /sys
Command: mkdir -m 755 /dev/pts
/dev/pts: File exists
Command: mount -t devpts devpts /dev/pts
Command: mount -t tmpfs tmpfs /tmp
Command: mount -t tmpfs tmpfs /var
Command: mkdir -m 1777 /var/tmp
Command: mkdir -m 755 /var/log
Command: mkdir -m 755 /var/run
Command: mkdir -m 1777 /var/lock
Command: mkdir -m 755 /var/empty
Command: mkdir -m 755 /var/mnt
Command: ifconfig lo 127.0.0.1
Command: route add -net 127.0.0.0 netmask 255.0.0.0 lo
Command: dhcpcd -p -a eth0 &
[41]
Command: cat /etc/motd
Welcome to
          ____ _  _
         /  __| ||_|                 
    _   _| |  | | _ ____  _   _  _  _ 
   | | | | |  | || |  _ \| | | |\ \/ /
   | |_| | |__| || | | | | |_| |/    \
   |  ___\____|_||_|_| |_|\____|\_/\_/
   | |
   |_|

For further infosmc91x smc91x.0 eth0: link up
rmation check:
http://www.uclinux.org/

Execution Finished, Exiting

Sash command shell (version 1.1.1)
/> Jan  1 00:00:00 dhcpcd[41]: dhcpConfig: failed to write cache file /etc/dhcpc/dhcpcd-eth0.cache: No such file or directory

Jan  1 00:00:00 dhcpcd[41]: dhcpConfig: failed to write info file /etc/dhcpc/dhcpcd-eth0.info: No such file or directory

: Bad command or file name
/> 
/> ls
bin
dev
etc
home
init
lib
mnt
proc
sbin
sys
tmp
usr
var
/>
